dwt_stm32_delay.h:25:22:DWT_Delay_us	24	static
main.c:79:6:gpio_set_input	8	static
main.c:88:6:gpio_set_output	8	static
main.c:102:9:ds18b20_init	8	static
main.c:124:6:write	24	static
main.c:157:9:read	16	static
main.c:185:5:main	16	static
main.c:253:6:SystemClock_Config	72	static
main.c:291:13:MX_I2C1_Init	8	static
main.c:325:13:MX_SPI1_Init	8	static
main.c:363:13:MX_USART1_UART_Init	8	static
main.c:396:13:MX_GPIO_Init	40	static
main.c:439:1:__io_putchar	16	static
main.c:456:6:HAL_TIM_PeriodElapsedCallback	16	static
main.c:473:6:Error_Handler	4	static
