dwt_stm32_delay.h:25:22:DWT_Delay_us	24	static
main.c:87:6:gpio_set_input	8	static
main.c:96:6:gpio_set_output	8	static
main.c:110:9:ds18b20_init	8	static
main.c:132:6:write	24	static
main.c:164:9:read	16	static
main.c:195:5:main	56	static
main.c:353:6:SystemClock_Config	72	static
main.c:391:13:MX_I2C1_Init	8	static
main.c:463:13:MX_TIM1_Init	32	static
main.c:509:13:MX_USART1_UART_Init	8	static
main.c:542:13:MX_GPIO_Init	40	static
main.c:585:1:__io_putchar	16	static
main.c:598:6:Error_Handler	4	static
